/workspace/wp5/mcts/bin_packing/train.py:60: PydanticDeprecatedSince20: Support for class-based `config` is deprecated, use ConfigDict instead. Deprecated in Pydantic V2.0 to be removed in V3.0. See Pydantic V2 Migration Guide at https://errors.pydantic.dev/2.12/migration/
  class Config(BaseModel):
wandb: Tracking run with wandb version 0.25.1
wandb: W&B syncing is set to `offline` in this directory. Run `wandb online` or set WANDB_MODE=online to enable cloud syncing.
wandb: Run data is saved locally in /workspace/wandb/offline-run-20260313_114441-z0hmju7n
/workspace/wp5/mcts/bin_packing/train.py:370: DeprecationWarning: jax.device_put_replicated is deprecated; use jax.device_put instead.
  params, opt_state = jax.device_put_replicated((params, opt_state), devices)
max_items=32 min_item_size=0.3 max_item_size=0.7 seed=0 max_num_iters=400 hidden_size=192 depth=12 num_heads=3 selfplay_batch_size=512 num_simulations=64 max_num_steps=32 training_batch_size=128 learning_rate=0.001 weight_decay=0.01 eval_interval=5
{'iteration': 0, 'hours': 0.0, 'frames': 0, 'eval/model_optimality_ratio': 0.7412328720092773, 'eval/greedy_optimality_ratio': 0.9093854427337646, 'eval/improvement_vs_greedy': -0.1681525856256485}
{'iteration': 1, 'train/policy_loss': 1.5719419158995152, 'train/value_loss': 79.48231874871999, 'hours': 0.04340446379449633, 'frames': 16384}
{'iteration': 2, 'train/policy_loss': 1.098185773473233, 'train/value_loss': 0.4324328211368993, 'hours': 0.06695781846841177, 'frames': 32768}
{'iteration': 3, 'train/policy_loss': 1.1105320621281862, 'train/value_loss': 0.35823173192329705, 'hours': 0.08386979222297669, 'frames': 49152}
{'iteration': 4, 'train/policy_loss': 1.0244653564877808, 'train/value_loss': 0.2896349983057007, 'hours': 0.10078507569101122, 'frames': 65536}
{'iteration': 5, 'train/policy_loss': 0.9950276860035956, 'train/value_loss': 0.24036989017622545, 'hours': 0.11766497890154522, 'frames': 81920, 'eval/model_optimality_ratio': 0.6751565933227539, 'eval/greedy_optimality_ratio': 0.9065887928009033, 'eval/improvement_vs_greedy': -0.23143215477466583}
{'iteration': 6, 'train/policy_loss': 0.8777216193266213, 'train/value_loss': 0.3627357936347835, 'hours': 0.1345172174109353, 'frames': 98304}
{'iteration': 7, 'train/policy_loss': 0.8490115609019995, 'train/value_loss': 0.3242458327440545, 'hours': 0.1513849280277888, 'frames': 114688}
{'iteration': 8, 'train/policy_loss': 0.7288618390448391, 'train/value_loss': 0.20885765639832243, 'hours': 0.16841495176156362, 'frames': 131072}
{'iteration': 9, 'train/policy_loss': 0.7195161425042897, 'train/value_loss': 0.3931045841309242, 'hours': 0.18534681989086998, 'frames': 147456}
{'iteration': 10, 'train/policy_loss': 0.7950158487074077, 'train/value_loss': 0.24972773727495223, 'hours': 0.20224376632107627, 'frames': 163840, 'eval/model_optimality_ratio': 0.812335729598999, 'eval/greedy_optimality_ratio': 0.9079409241676331, 'eval/improvement_vs_greedy': -0.09560516476631165}
{'iteration': 11, 'train/policy_loss': 0.7567511172965169, 'train/value_loss': 0.25106485531432554, 'hours': 0.21922430687480501, 'frames': 180224}
{'iteration': 12, 'train/policy_loss': 0.6967473323456943, 'train/value_loss': 0.19147945410804823, 'hours': 0.23616872701379987, 'frames': 196608}
{'iteration': 13, 'train/policy_loss': 0.8927462245337665, 'train/value_loss': 0.26834560820134357, 'hours': 0.25301436457369064, 'frames': 212992}
{'iteration': 14, 'train/policy_loss': 0.7487013852223754, 'train/value_loss': 0.1613132155034691, 'hours': 0.27004323926236895, 'frames': 229376}
{'iteration': 15, 'train/policy_loss': 0.7951940344646573, 'train/value_loss': 0.17314924541278742, 'hours': 0.287005465692944, 'frames': 245760, 'eval/model_optimality_ratio': 0.8308298587799072, 'eval/greedy_optimality_ratio': 0.9075987935066223, 'eval/improvement_vs_greedy': -0.0767688900232315}
{'iteration': 16, 'train/policy_loss': 0.7366698235273361, 'train/value_loss': 0.14884192333556712, 'hours': 0.3040908259153366, 'frames': 262144}
{'iteration': 17, 'train/policy_loss': 0.7168059661053121, 'train/value_loss': 0.1492894234834239, 'hours': 0.3210593783193164, 'frames': 278528}
{'iteration': 18, 'train/policy_loss': 0.7644993891008198, 'train/value_loss': 0.17671503295423463, 'hours': 0.3380672199858559, 'frames': 294912}
{'iteration': 19, 'train/policy_loss': 0.739562954287976, 'train/value_loss': 0.18724559783004224, 'hours': 0.3550864748160044, 'frames': 311296}
{'iteration': 20, 'train/policy_loss': 0.7597565012983978, 'train/value_loss': 0.1328653782256879, 'hours': 0.3719228833251529, 'frames': 327680, 'eval/model_optimality_ratio': 0.9036743640899658, 'eval/greedy_optimality_ratio': 0.9066059589385986, 'eval/improvement_vs_greedy': -0.0029315524734556675}
{'iteration': 21, 'train/policy_loss': 0.7930314331315458, 'train/value_loss': 0.14898705593077466, 'hours': 0.3888974627521303, 'frames': 344064}
{'iteration': 22, 'train/policy_loss': 0.7835976155474782, 'train/value_loss': 0.13009631985914893, 'hours': 0.40586815257867176, 'frames': 360448}
{'iteration': 23, 'train/policy_loss': 0.7369484268128872, 'train/value_loss': 0.11362956435186788, 'hours': 0.4228986833492915, 'frames': 376832}
{'iteration': 24, 'train/policy_loss': 0.8384468732401729, 'train/value_loss': 0.12238537328084931, 'hours': 0.43973267296950025, 'frames': 393216}
{'iteration': 25, 'train/policy_loss': 0.7941703014075756, 'train/value_loss': 0.15591298276558518, 'hours': 0.456676252550549, 'frames': 409600, 'eval/model_optimality_ratio': 0.7707247734069824, 'eval/greedy_optimality_ratio': 0.909368097782135, 'eval/improvement_vs_greedy': -0.1386432647705078}
{'iteration': 26, 'train/policy_loss': 0.7551210382953286, 'train/value_loss': 0.11283840710530058, 'hours': 0.47353141195244264, 'frames': 425984}
{'iteration': 27, 'train/policy_loss': 0.810621028766036, 'train/value_loss': 0.18887143163010478, 'hours': 0.49046466939979133, 'frames': 442368}
{'iteration': 28, 'train/policy_loss': 0.7779689631424844, 'train/value_loss': 0.1732287363265641, 'hours': 0.507479040424029, 'frames': 458752}
{'iteration': 29, 'train/policy_loss': 0.7668227069079876, 'train/value_loss': 0.1409242766967509, 'hours': 0.5244048010640674, 'frames': 475136}
{'iteration': 30, 'train/policy_loss': 0.7629924155771732, 'train/value_loss': 0.11611156744766049, 'hours': 0.54135176870558, 'frames': 491520, 'eval/model_optimality_ratio': 0.911199688911438, 'eval/greedy_optimality_ratio': 0.9126753807067871, 'eval/improvement_vs_greedy': -0.0014757347526028752}
{'iteration': 31, 'train/policy_loss': 0.8072112766094506, 'train/value_loss': 0.16462039214093238, 'hours': 0.5582628501786127, 'frames': 507904}
{'iteration': 32, 'train/policy_loss': 0.7911281329579651, 'train/value_loss': 0.16120058839442208, 'hours': 0.5752181406153574, 'frames': 524288}
{'iteration': 33, 'train/policy_loss': 0.8265259815379977, 'train/value_loss': 0.17131318495376036, 'hours': 0.59197177403503, 'frames': 540672}
{'iteration': 34, 'train/policy_loss': 0.7148674358613789, 'train/value_loss': 0.14262688567396253, 'hours': 0.6089730670054754, 'frames': 557056}
{'iteration': 35, 'train/policy_loss': 0.8055046428926289, 'train/value_loss': 0.12177454921766184, 'hours': 0.6258815225627687, 'frames': 573440, 'eval/model_optimality_ratio': 0.8993498682975769, 'eval/greedy_optimality_ratio': 0.9092743396759033, 'eval/improvement_vs_greedy': -0.009924526326358318}
{'iteration': 36, 'train/policy_loss': 0.7637203806079924, 'train/value_loss': 0.13774499436840415, 'hours': 0.6426681239075132, 'frames': 589824}
{'iteration': 37, 'train/policy_loss': 0.7819858491420746, 'train/value_loss': 0.14304749376606196, 'hours': 0.6596411477857167, 'frames': 606208}
{'iteration': 38, 'train/policy_loss': 0.8056119284592569, 'train/value_loss': 0.20218740531709045, 'hours': 0.6765736037492753, 'frames': 622592}
{'iteration': 39, 'train/policy_loss': 0.7657135208137333, 'train/value_loss': 0.15758240211289376, 'hours': 0.6934045681688522, 'frames': 638976}
{'iteration': 40, 'train/policy_loss': 0.7027697465382516, 'train/value_loss': 0.1417669176007621, 'hours': 0.7102952864434986, 'frames': 655360, 'eval/model_optimality_ratio': 0.9161735773086548, 'eval/greedy_optimality_ratio': 0.9048428535461426, 'eval/improvement_vs_greedy': 0.011330714449286461}
{'iteration': 41, 'train/policy_loss': 1.8152883225120604, 'train/value_loss': 142.18188276927685, 'hours': 0.7272173218594659, 'frames': 671744}
{'iteration': 42, 'train/policy_loss': 1.3121056002564728, 'train/value_loss': 1.316898935707286, 'hours': 0.7441293848223158, 'frames': 688128}
{'iteration': 43, 'train/policy_loss': 1.1340126660652459, 'train/value_loss': 1.0032734293490648, 'hours': 0.761080942352613, 'frames': 704512}
{'iteration': 44, 'train/policy_loss': 1.1193754174746573, 'train/value_loss': 0.6717902559321374, 'hours': 0.7780297370751701, 'frames': 720896}
{'iteration': 45, 'train/policy_loss': 1.0845884424634278, 'train/value_loss': 0.6586314202286303, 'hours': 0.7950299574269191, 'frames': 737280, 'eval/model_optimality_ratio': 0.40840932726860046, 'eval/greedy_optimality_ratio': 0.9103248715400696, 'eval/improvement_vs_greedy': -0.5019155740737915}