/workspace/wp5/mcts/bin_packing/train.py:61: PydanticDeprecatedSince20: Support for class-based `config` is deprecated, use ConfigDict instead. Deprecated in Pydantic V2.0 to be removed in V3.0. See Pydantic V2 Migration Guide at https://errors.pydantic.dev/2.12/migration/
  class Config(BaseModel):
max_items=64 min_items=8 min_item_size=0.3 max_item_size=0.7 seed=0 max_num_iters=400 hidden_size=192 depth=12 num_heads=3 selfplay_batch_size=128 num_simulations=128 max_num_steps=256 training_batch_size=128 learning_rate=0.001 weight_decay=0.01 eval_interval=5
wandb: Tracking run with wandb version 0.25.1
wandb: W&B syncing is set to `offline` in this directory. Run `wandb online` or set WANDB_MODE=online to enable cloud syncing.
wandb: Run data is saved locally in /workspace/wandb/offline-run-20260313_221135-wg77phil
/workspace/wp5/mcts/bin_packing/train.py:373: DeprecationWarning: jax.device_put_replicated is deprecated; use jax.device_put instead.
  params, opt_state = jax.device_put_replicated((params, opt_state), devices)
E0313 22:11:43.453812   13012 cuda_timer.cc:87] Delay kernel timed out: measured time has sub-optimal accuracy. There may be a missing warmup execution, please investigate in Nsight Systems.
{'iteration': 0, 'hours': 0.0, 'frames': 0, 'eval/model_optimality_ratio': 0.7832306027412415, 'eval/greedy_optimality_ratio': 0.9073220491409302, 'eval/improvement_vs_greedy': -0.12409146130084991}
E0313 22:13:46.676358   13083 cuda_timer.cc:87] Delay kernel timed out: measured time has sub-optimal accuracy. There may be a missing warmup execution, please investigate in Nsight Systems.
E0313 22:13:46.816266   13096 cuda_timer.cc:87] Delay kernel timed out: measured time has sub-optimal accuracy. There may be a missing warmup execution, please investigate in Nsight Systems.
E0313 22:13:46.950473   12962 cuda_timer.cc:87] Delay kernel timed out: measured time has sub-optimal accuracy. There may be a missing warmup execution, please investigate in Nsight Systems.
E0313 22:13:47.099072   12926 cuda_timer.cc:87] Delay kernel timed out: measured time has sub-optimal accuracy. There may be a missing warmup execution, please investigate in Nsight Systems.
E0313 22:13:47.279910   12915 cuda_timer.cc:87] Delay kernel timed out: measured time has sub-optimal accuracy. There may be a missing warmup execution, please investigate in Nsight Systems.
E0313 22:13:47.439689   12951 cuda_timer.cc:87] Delay kernel timed out: measured time has sub-optimal accuracy. There may be a missing warmup execution, please investigate in Nsight Systems.
{'iteration': 1, 'train/policy_loss': 1.5516453864984214, 'train/value_loss': 41.45021706796251, 'hours': 0.0384036425087187, 'frames': 32768}
{'iteration': 2, 'train/policy_loss': 1.5624643974006176, 'train/value_loss': 1.9988853120012209, 'hours': 0.07498534182707468, 'frames': 65536}
{'iteration': 3, 'train/policy_loss': 1.2604985625948757, 'train/value_loss': 1.4211401243228465, 'hours': 0.10948540859752232, 'frames': 98304}
{'iteration': 4, 'train/policy_loss': 1.1302226008847356, 'train/value_loss': 1.4523620499530807, 'hours': 0.14012676510545943, 'frames': 131072}
{'iteration': 5, 'train/policy_loss': 1.1512589775957167, 'train/value_loss': 0.5824584946385585, 'hours': 0.174659134083324, 'frames': 163840, 'eval/model_optimality_ratio': 0.48190999031066895, 'eval/greedy_optimality_ratio': 0.9043737053871155, 'eval/improvement_vs_greedy': -0.42246371507644653}
{'iteration': 6, 'train/policy_loss': 0.9937763155903667, 'train/value_loss': 0.5999714917852543, 'hours': 0.20606984085506863, 'frames': 196608}
{'iteration': 7, 'train/policy_loss': 1.066767672309652, 'train/value_loss': 0.4340571239008568, 'hours': 0.2342521831062105, 'frames': 229376}
{'iteration': 8, 'train/policy_loss': 1.0557369659654796, 'train/value_loss': 0.6153252696385607, 'hours': 0.262225586771965, 'frames': 262144}
{'iteration': 9, 'train/policy_loss': 1.032790288561955, 'train/value_loss': 0.2979396642476786, 'hours': 0.2930705212884479, 'frames': 294912}
{'iteration': 10, 'train/policy_loss': 0.9743895574938506, 'train/value_loss': 0.421924497873988, 'hours': 0.32501031935214997, 'frames': 327680, 'eval/model_optimality_ratio': 0.8698921203613281, 'eval/greedy_optimality_ratio': 0.9005202651023865, 'eval/improvement_vs_greedy': -0.03062812052667141}
{'iteration': 11, 'train/policy_loss': 0.9894206805620342, 'train/value_loss': 0.40847255918197334, 'hours': 0.3555766961971919, 'frames': 360448}
{'iteration': 12, 'train/policy_loss': 0.9520111680030823, 'train/value_loss': 0.4056761173706036, 'hours': 0.38641305373774637, 'frames': 393216}
{'iteration': 13, 'train/policy_loss': 0.9289177695754915, 'train/value_loss': 0.32587945205159485, 'hours': 0.41694008085462786, 'frames': 425984}
{'iteration': 14, 'train/policy_loss': 0.867547289468348, 'train/value_loss': 1.2333775279985275, 'hours': 0.45245900617705453, 'frames': 458752}
{'iteration': 15, 'train/policy_loss': 0.9185522829648107, 'train/value_loss': 0.2412932695588097, 'hours': 0.4848529211680095, 'frames': 491520, 'eval/model_optimality_ratio': 0.8697667121887207, 'eval/greedy_optimality_ratio': 0.9177873134613037, 'eval/improvement_vs_greedy': -0.04802057892084122}
{'iteration': 16, 'train/policy_loss': 0.873959491495043, 'train/value_loss': 0.2197105648519937, 'hours': 0.5176131674316194, 'frames': 524288}
{'iteration': 17, 'train/policy_loss': 0.992844281019643, 'train/value_loss': 20.09452146451804, 'hours': 0.5504787117242813, 'frames': 557056}
{'iteration': 18, 'train/policy_loss': 1.295651959022507, 'train/value_loss': 3.525294761173427, 'hours': 0.5856189411216312, 'frames': 589824}
{'iteration': 19, 'train/policy_loss': 1.2291258880868554, 'train/value_loss': 1.1099533517844975, 'hours': 0.6173370728227827, 'frames': 622592}
{'iteration': 20, 'train/policy_loss': 1.1190098654478788, 'train/value_loss': 0.733060852100607, 'hours': 0.6480855955017938, 'frames': 655360, 'eval/model_optimality_ratio': 0.7955939769744873, 'eval/greedy_optimality_ratio': 0.9086197018623352, 'eval/improvement_vs_greedy': -0.11302568763494492}
{'iteration': 21, 'train/policy_loss': 0.9827048250008374, 'train/value_loss': 0.4110301866894588, 'hours': 0.6847184627585942, 'frames': 688128}
{'iteration': 22, 'train/policy_loss': 1.0439255877863616, 'train/value_loss': 0.3908166275941767, 'hours': 0.7149009074767432, 'frames': 720896}
{'iteration': 23, 'train/policy_loss': 0.9658076362684369, 'train/value_loss': 0.2835032650618814, 'hours': 0.7485920623938244, 'frames': 753664}
{'iteration': 24, 'train/policy_loss': 1.0387490140274167, 'train/value_loss': 0.26128683966817334, 'hours': 0.778738911483023, 'frames': 786432}
{'iteration': 25, 'train/policy_loss': 0.9337046984583139, 'train/value_loss': 0.3335123973665759, 'hours': 0.8077345887819927, 'frames': 819200, 'eval/model_optimality_ratio': 0.8897813558578491, 'eval/greedy_optimality_ratio': 0.9117074012756348, 'eval/improvement_vs_greedy': -0.021925998851656914}
{'iteration': 26, 'train/policy_loss': 0.9207299540285021, 'train/value_loss': 0.387272143852897, 'hours': 0.841118475927247, 'frames': 851968}
{'iteration': 27, 'train/policy_loss': 0.8690561705734581, 'train/value_loss': 0.21477604465326294, 'hours': 0.8771537698639764, 'frames': 884736}
{'iteration': 28, 'train/policy_loss': 0.9158929511904716, 'train/value_loss': 0.2699482903990429, 'hours': 0.9080098679330615, 'frames': 917504}
{'iteration': 29, 'train/policy_loss': 0.9080977225676179, 'train/value_loss': 0.21505380075541325, 'hours': 0.9413398791021772, 'frames': 950272}
{'iteration': 30, 'train/policy_loss': 0.9132888820022345, 'train/value_loss': 0.31551367513020523, 'hours': 0.9706991901662616, 'frames': 983040, 'eval/model_optimality_ratio': 0.8850493431091309, 'eval/greedy_optimality_ratio': 0.9093872308731079, 'eval/improvement_vs_greedy': -0.02433793433010578}
{'iteration': 31, 'train/policy_loss': 0.9259374369867146, 'train/value_loss': 0.21801274543395266, 'hours': 1.0034502799643412, 'frames': 1015808}
{'iteration': 32, 'train/policy_loss': 0.9434712405782193, 'train/value_loss': 0.2193662670906633, 'hours': 1.0368370876047348, 'frames': 1048576}
{'iteration': 33, 'train/policy_loss': 0.9779612645506859, 'train/value_loss': 0.23782696601119824, 'hours': 1.068213593694899, 'frames': 1081344}
{'iteration': 34, 'train/policy_loss': 1.2025085100904107, 'train/value_loss': 6.884829617134528, 'hours': 1.0990043200386899, 'frames': 1114112}
{'iteration': 35, 'train/policy_loss': 1.6030719843693078, 'train/value_loss': 3.8316023719962686, 'hours': 1.1266291842195726, 'frames': 1146880, 'eval/model_optimality_ratio': 0.41620463132858276, 'eval/greedy_optimality_ratio': 0.9100013971328735, 'eval/improvement_vs_greedy': -0.4937967360019684}
{'iteration': 36, 'train/policy_loss': 1.5843970850110054, 'train/value_loss': 0.8152833690401167, 'hours': 1.1586533277564581, 'frames': 1179648}
{'iteration': 37, 'train/policy_loss': 1.2761185180861503, 'train/value_loss': 0.6926346694817767, 'hours': 1.191704976095094, 'frames': 1212416}
{'iteration': 38, 'train/policy_loss': 0.8715352129656821, 'train/value_loss': 0.4100100154755637, 'hours': 1.2258080351352696, 'frames': 1245184}
{'iteration': 39, 'train/policy_loss': 0.9354346117470413, 'train/value_loss': 0.26233364787185565, 'hours': 1.2547416751252285, 'frames': 1277952}
{'iteration': 40, 'train/policy_loss': 0.802835954586044, 'train/value_loss': 0.25032788811950013, 'hours': 1.285237439539698, 'frames': 1310720, 'eval/model_optimality_ratio': 0.8236477375030518, 'eval/greedy_optimality_ratio': 0.9110180139541626, 'eval/improvement_vs_greedy': -0.08737032860517502}
{'iteration': 41, 'train/policy_loss': 0.6384774770122021, 'train/value_loss': 0.1902731447480619, 'hours': 1.3213376408153115, 'frames': 1343488}
{'iteration': 42, 'train/policy_loss': 0.8060083820018917, 'train/value_loss': 0.31047475402010605, 'hours': 1.3528671395116387, 'frames': 1376256}
{'iteration': 43, 'train/policy_loss': 0.8155166686046869, 'train/value_loss': 0.2693593873991631, 'hours': 1.384421767989795, 'frames': 1409024}
{'iteration': 44, 'train/policy_loss': 0.7682294538244605, 'train/value_loss': 0.18511603886145167, 'hours': 1.4172773553927744, 'frames': 1441792}
{'iteration': 45, 'train/policy_loss': 0.8536434897687286, 'train/value_loss': 0.2798089883872308, 'hours': 1.4499516365925476, 'frames': 1474560, 'eval/model_optimality_ratio': 0.8986684679985046, 'eval/greedy_optimality_ratio': 0.9025576710700989, 'eval/improvement_vs_greedy': -0.003889225423336029}
{'iteration': 46, 'train/policy_loss': 0.6834516865201294, 'train/value_loss': 0.1822127051127609, 'hours': 1.4852798467212258, 'frames': 1507328}
{'iteration': 47, 'train/policy_loss': 0.7244914409238845, 'train/value_loss': 0.16454614972462878, 'hours': 1.5174303666750595, 'frames': 1540096}
{'iteration': 48, 'train/policy_loss': 0.6942954867845401, 'train/value_loss': 0.1927539899770636, 'hours': 1.5524722313880925, 'frames': 1572864}
{'iteration': 49, 'train/policy_loss': 0.7839885028079152, 'train/value_loss': 0.19197088401415385, 'hours': 1.5832755978902187, 'frames': 1605632}
{'iteration': 50, 'train/policy_loss': 0.800430971197784, 'train/value_loss': 0.2061151120287832, 'hours': 1.6134507846170008, 'frames': 1638400, 'eval/model_optimality_ratio': 0.8949509263038635, 'eval/greedy_optimality_ratio': 0.9132310152053833, 'eval/improvement_vs_greedy': -0.01828008145093918}
{'iteration': 51, 'train/policy_loss': 0.8488293425180018, 'train/value_loss': 0.2765813223377336, 'hours': 1.6462786555290227, 'frames': 1671168}
{'iteration': 52, 'train/policy_loss': 0.7330283564515412, 'train/value_loss': 0.15720385473105125, 'hours': 1.67809058977498, 'frames': 1703936}
{'iteration': 53, 'train/policy_loss': 0.6888112804153934, 'train/value_loss': 0.17351873303414322, 'hours': 1.7136442934804499, 'frames': 1736704}
{'iteration': 54, 'train/policy_loss': 0.8132887347601354, 'train/value_loss': 0.1611019078118261, 'hours': 1.7442118231455492, 'frames': 1769472}
{'iteration': 55, 'train/policy_loss': 0.8490573731251061, 'train/value_loss': 0.13950196480436716, 'hours': 1.775183339450095, 'frames': 1802240, 'eval/model_optimality_ratio': 0.9431982040405273, 'eval/greedy_optimality_ratio': 0.9048895835876465, 'eval/improvement_vs_greedy': 0.038308653980493546}
{'iteration': 56, 'train/policy_loss': 0.8240641891025007, 'train/value_loss': 0.1785323456133483, 'hours': 1.8065300378534535, 'frames': 1835008}
{'iteration': 57, 'train/policy_loss': 0.778114581014961, 'train/value_loss': 0.18089548003626987, 'hours': 1.8408932895130588, 'frames': 1867776}
{'iteration': 58, 'train/policy_loss': 0.7810117595363408, 'train/value_loss': 0.16474259216920473, 'hours': 1.873683721290695, 'frames': 1900544}
{'iteration': 59, 'train/policy_loss': 0.7592257380019873, 'train/value_loss': 0.15035162643471267, 'hours': 1.904892742435138, 'frames': 1933312}
{'iteration': 60, 'train/policy_loss': 0.7006796641508117, 'train/value_loss': 0.13205711069167592, 'hours': 1.9371954602003103, 'frames': 1966080, 'eval/model_optimality_ratio': 0.9282656908035278, 'eval/greedy_optimality_ratio': 0.908356785774231, 'eval/improvement_vs_greedy': 0.019908960908651352}
{'iteration': 61, 'train/policy_loss': 0.8132762943860143, 'train/value_loss': 0.14980798058968503, 'hours': 1.967903633382586, 'frames': 1998848}
{'iteration': 62, 'train/policy_loss': 0.7425559980329126, 'train/value_loss': 0.12834863012540154, 'hours': 2.0033282409111663, 'frames': 2031616}
{'iteration': 63, 'train/policy_loss': 0.7710019110236317, 'train/value_loss': 0.17206826248730067, 'hours': 2.035940411090851, 'frames': 2064384}
{'iteration': 64, 'train/policy_loss': 0.9312056261114776, 'train/value_loss': 0.1625631363131106, 'hours': 2.066876202689277, 'frames': 2097152}
{'iteration': 65, 'train/policy_loss': 0.6857490389375016, 'train/value_loss': 0.11611533976974897, 'hours': 2.1008584710624487, 'frames': 2129920, 'eval/model_optimality_ratio': 0.9044410586357117, 'eval/greedy_optimality_ratio': 0.9104905128479004, 'eval/improvement_vs_greedy': -0.006049506366252899}
{'iteration': 66, 'train/policy_loss': 0.8538030860945582, 'train/value_loss': 0.13968200495583005, 'hours': 2.129758931530847, 'frames': 2162688}
{'iteration': 67, 'train/policy_loss': 0.8495042191352695, 'train/value_loss': 0.13044852440361865, 'hours': 2.1629472998115755, 'frames': 2195456}
{'iteration': 68, 'train/policy_loss': 0.8092063223011792, 'train/value_loss': 0.15204585494939238, 'hours': 2.1941615000698307, 'frames': 2228224}
{'iteration': 69, 'train/policy_loss': 0.8335660372395068, 'train/value_loss': 0.16122818006260786, 'hours': 2.2266726248794138, 'frames': 2260992}
{'iteration': 70, 'train/policy_loss': 0.9432151527144015, 'train/value_loss': 0.18485317629529163, 'hours': 2.255322792463833, 'frames': 2293760, 'eval/model_optimality_ratio': 0.9375678896903992, 'eval/greedy_optimality_ratio': 0.9033885598182678, 'eval/improvement_vs_greedy': 0.034179314970970154}
{'iteration': 71, 'train/policy_loss': 0.7582289434503764, 'train/value_loss': 0.13417106555425562, 'hours': 2.2867790243360737, 'frames': 2326528}
{'iteration': 72, 'train/policy_loss': 0.922431112267077, 'train/value_loss': 0.19667406991356984, 'hours': 2.3173195300499603, 'frames': 2359296}
{'iteration': 73, 'train/policy_loss': 0.8317515889648348, 'train/value_loss': 0.1701724679733161, 'hours': 2.349594738019838, 'frames': 2392064}
{'iteration': 74, 'train/policy_loss': 0.8964088794309646, 'train/value_loss': 0.2267704503319692, 'hours': 2.379866888655557, 'frames': 2424832}
{'iteration': 75, 'train/policy_loss': 1.5360531688202173, 'train/value_loss': 5.28139165439643, 'hours': 2.4122123397058917, 'frames': 2457600, 'eval/model_optimality_ratio': 0.4105396568775177, 'eval/greedy_optimality_ratio': 0.9086766242980957, 'eval/improvement_vs_greedy': -0.4981369376182556}
{'iteration': 76, 'train/policy_loss': 1.3506995891220868, 'train/value_loss': 0.9704297768766992, 'hours': 2.4408037453889855, 'frames': 2490368}
{'iteration': 77, 'train/policy_loss': 1.264945331029594, 'train/value_loss': 0.41817042633192614, 'hours': 2.473852556612757, 'frames': 2523136}
{'iteration': 78, 'train/policy_loss': 1.0844179310370237, 'train/value_loss': 0.3894239065120928, 'hours': 2.5058880947033573, 'frames': 2555904}
{'iteration': 79, 'train/policy_loss': 0.9345738687552512, 'train/value_loss': 0.3470051007461734, 'hours': 2.539993882841535, 'frames': 2588672}
{'iteration': 80, 'train/policy_loss': 0.7411250288132578, 'train/value_loss': 0.349715290882159, 'hours': 2.573911884625754, 'frames': 2621440, 'eval/model_optimality_ratio': 0.8906468749046326, 'eval/greedy_optimality_ratio': 0.9047447443008423, 'eval/improvement_vs_greedy': -0.014097912237048149}
{'iteration': 81, 'train/policy_loss': 0.7539615242276341, 'train/value_loss': 0.28696091822348535, 'hours': 2.606721543404792, 'frames': 2654208}
{'iteration': 82, 'train/policy_loss': 0.6259005605243146, 'train/value_loss': 0.2973169614560902, 'hours': 2.6418369811111035, 'frames': 2686976}
{'iteration': 83, 'train/policy_loss': 0.7209257395006716, 'train/value_loss': 0.26696082710986957, 'hours': 2.6751223620441236, 'frames': 2719744}
{'iteration': 84, 'train/policy_loss': 0.7177567597245798, 'train/value_loss': 0.277158755750861, 'hours': 2.7084415089421814, 'frames': 2752512}
{'iteration': 85, 'train/policy_loss': 0.7327156248502433, 'train/value_loss': 0.32909030065638945, 'hours': 2.7427861938211664, 'frames': 2785280, 'eval/model_optimality_ratio': 0.8799062967300415, 'eval/greedy_optimality_ratio': 0.9091617465019226, 'eval/improvement_vs_greedy': -0.02925550378859043}
{'iteration': 86, 'train/policy_loss': 0.7089664191007614, 'train/value_loss': 0.2768625902826898, 'hours': 2.777107674545713, 'frames': 2818048}
{'iteration': 87, 'train/policy_loss': 0.6939492844976485, 'train/value_loss': 0.2191737403627485, 'hours': 2.809487260911201, 'frames': 2850816}
{'iteration': 88, 'train/policy_loss': 0.7567911366932094, 'train/value_loss': 0.23239831760292873, 'hours': 2.841194223430423, 'frames': 2883584}
{'iteration': 89, 'train/policy_loss': 0.7485365334432572, 'train/value_loss': 0.215885898884153, 'hours': 2.873266087240644, 'frames': 2916352}
{'iteration': 90, 'train/policy_loss': 0.8037446970120072, 'train/value_loss': 0.2462831378215924, 'hours': 2.903761346936227, 'frames': 2949120, 'eval/model_optimality_ratio': 0.8630424737930298, 'eval/greedy_optimality_ratio': 0.9179139733314514, 'eval/improvement_vs_greedy': -0.05487146973609924}
{'iteration': 91, 'train/policy_loss': 0.7121630958281457, 'train/value_loss': 0.25572638935409486, 'hours': 2.937646026743784, 'frames': 2981888}
{'iteration': 92, 'train/policy_loss': 0.8165994964074343, 'train/value_loss': 0.240381320763845, 'hours': 2.967390876412393, 'frames': 3014656}
{'iteration': 93, 'train/policy_loss': 0.7402446165215224, 'train/value_loss': 0.23535635872394778, 'hours': 3.000090018908184, 'frames': 3047424}
{'iteration': 94, 'train/policy_loss': 0.8038752577267587, 'train/value_loss': 0.2210199386754539, 'hours': 3.0313970930046517, 'frames': 3080192}
{'iteration': 95, 'train/policy_loss': 0.7790706129744649, 'train/value_loss': 0.20552503783255816, 'hours': 3.0621135830879225, 'frames': 3112960, 'eval/model_optimality_ratio': 0.8861467838287354, 'eval/greedy_optimality_ratio': 0.9134458303451538, 'eval/improvement_vs_greedy': -0.027299072593450546}
{'iteration': 96, 'train/policy_loss': 0.700014884234406, 'train/value_loss': 0.2538428225379903, 'hours': 3.095487948391174, 'frames': 3145728}
{'iteration': 97, 'train/policy_loss': 0.796716823708266, 'train/value_loss': 0.19318468958954327, 'hours': 3.1268474795420977, 'frames': 3178496}
{'iteration': 98, 'train/policy_loss': 0.8180070109665394, 'train/value_loss': 0.21217243268620223, 'hours': 3.1555666895045187, 'frames': 3211264}
{'iteration': 99, 'train/policy_loss': 0.7239263071678579, 'train/value_loss': 0.2010896897991188, 'hours': 3.1853324182166007, 'frames': 3244032}
{'iteration': 100, 'train/policy_loss': 0.7846545870415866, 'train/value_loss': 0.1926824950496666, 'hours': 3.215971213645407, 'frames': 3276800, 'eval/model_optimality_ratio': 0.9055189490318298, 'eval/greedy_optimality_ratio': 0.9014973640441895, 'eval/improvement_vs_greedy': 0.004021603614091873}
{'iteration': 101, 'train/policy_loss': 0.8371616459917277, 'train/value_loss': 0.23373371906927787, 'hours': 3.24748364031315, 'frames': 3309568}
{'iteration': 102, 'train/policy_loss': 0.7135497831040993, 'train/value_loss': 0.22497799995471723, 'hours': 3.2789646350675175, 'frames': 3342336}
{'iteration': 103, 'train/policy_loss': 0.6852388298138976, 'train/value_loss': 0.17424434426357038, 'hours': 3.3113928250471765, 'frames': 3375104}
{'iteration': 104, 'train/policy_loss': 0.7307661743834615, 'train/value_loss': 0.19231152327847667, 'hours': 3.3433644366264357, 'frames': 3407872}
{'iteration': 105, 'train/policy_loss': 0.9016688305418938, 'train/value_loss': 0.25259068922605366, 'hours': 3.374224539134239, 'frames': 3440640, 'eval/model_optimality_ratio': 0.9120428562164307, 'eval/greedy_optimality_ratio': 0.8908218145370483, 'eval/improvement_vs_greedy': 0.021221045404672623}
{'iteration': 106, 'train/policy_loss': 0.9610897100064903, 'train/value_loss': 0.33567392139229923, 'hours': 3.403998862041369, 'frames': 3473408}
{'iteration': 107, 'train/policy_loss': 0.8553229449316859, 'train/value_loss': 0.24775052230688743, 'hours': 3.435831717915007, 'frames': 3506176}
{'iteration': 108, 'train/policy_loss': 0.9052343326620758, 'train/value_loss': 0.27690546470694244, 'hours': 3.4656286299228687, 'frames': 3538944}
{'iteration': 109, 'train/policy_loss': 0.8958214547019452, 'train/value_loss': 0.2860077891673427, 'hours': 3.494257508781223, 'frames': 3571712}
{'iteration': 110, 'train/policy_loss': 0.9321165555156767, 'train/value_loss': 0.2547188133758027, 'hours': 3.525592126382724, 'frames': 3604480, 'eval/model_optimality_ratio': 0.9210399389266968, 'eval/greedy_optimality_ratio': 0.9117274284362793, 'eval/improvement_vs_greedy': 0.009312432259321213}
{'iteration': 111, 'train/policy_loss': 0.9301805910654366, 'train/value_loss': 0.2665495199034922, 'hours': 3.5561765997939663, 'frames': 3637248}
{'iteration': 112, 'train/policy_loss': 0.9241422296036035, 'train/value_loss': 0.280897683405783, 'hours': 3.5857371058728984, 'frames': 3670016}
{'iteration': 113, 'train/policy_loss': 0.9328004487324506, 'train/value_loss': 0.31989137578057125, 'hours': 3.615220212671494, 'frames': 3702784}
{'iteration': 114, 'train/policy_loss': 0.9150577103719115, 'train/value_loss': 0.34029032627586275, 'hours': 3.6450697333945192, 'frames': 3735552}
{'iteration': 115, 'train/policy_loss': 0.9171059841755778, 'train/value_loss': 0.3321794429793954, 'hours': 3.6752106507619247, 'frames': 3768320, 'eval/model_optimality_ratio': 0.9688963890075684, 'eval/greedy_optimality_ratio': 0.908254861831665, 'eval/improvement_vs_greedy': 0.06064148247241974}
{'iteration': 116, 'train/policy_loss': 1.3553821677342057, 'train/value_loss': 1.6721075437963009, 'hours': 3.704143533971577, 'frames': 3801088}
{'iteration': 117, 'train/policy_loss': 0.8918536144774407, 'train/value_loss': 0.23824573657475412, 'hours': 3.7354714206854527, 'frames': 3833856}
{'iteration': 118, 'train/policy_loss': 0.9351449180394411, 'train/value_loss': 0.25778577680466697, 'hours': 3.7653167525264974, 'frames': 3866624}
{'iteration': 119, 'train/policy_loss': 0.9425221977289766, 'train/value_loss': 0.26206505100708455, 'hours': 3.794345037672257, 'frames': 3899392}
{'iteration': 120, 'train/policy_loss': 0.9301641704514623, 'train/value_loss': 0.2751200454076752, 'hours': 3.8235293361213496, 'frames': 3932160, 'eval/model_optimality_ratio': 0.944794774055481, 'eval/greedy_optimality_ratio': 0.9010868072509766, 'eval/improvement_vs_greedy': 0.043707992881536484}
{'iteration': 121, 'train/policy_loss': 0.9695069517474622, 'train/value_loss': 0.29579671716783196, 'hours': 3.852147780656817, 'frames': 3964928}
{'iteration': 122, 'train/policy_loss': 0.9522415429819375, 'train/value_loss': 0.2624338130117394, 'hours': 3.881845232844355, 'frames': 3997696}
{'iteration': 123, 'train/policy_loss': 0.970397237688303, 'train/value_loss': 0.3194162573781796, 'hours': 3.910651298231551, 'frames': 4030464}
{'iteration': 124, 'train/policy_loss': 0.9457979605067521, 'train/value_loss': 0.2947538516600616, 'hours': 3.940729734698934, 'frames': 4063232}
{'iteration': 125, 'train/policy_loss': 0.9295182696077973, 'train/value_loss': 0.33545702177798375, 'hours': 3.970549296074446, 'frames': 4096000, 'eval/model_optimality_ratio': 0.9725966453552246, 'eval/greedy_optimality_ratio': 0.9011507034301758, 'eval/improvement_vs_greedy': 0.0714460089802742}
{'iteration': 126, 'train/policy_loss': 0.9118344157468528, 'train/value_loss': 0.26775663314037956, 'hours': 4.0003549416197695, 'frames': 4128768}
{'iteration': 127, 'train/policy_loss': 0.8883762711193413, 'train/value_loss': 0.2934684223146178, 'hours': 4.029154761499831, 'frames': 4161536}
{'iteration': 128, 'train/policy_loss': 0.8877150700427592, 'train/value_loss': 0.3348492466029711, 'hours': 4.059911081327335, 'frames': 4194304}
{'iteration': 129, 'train/policy_loss': 0.921888240845874, 'train/value_loss': 0.30122479650890455, 'hours': 4.089062535696562, 'frames': 4227072}
{'iteration': 130, 'train/policy_loss': 0.919441141653806, 'train/value_loss': 0.2980363650713116, 'hours': 4.118803601066274, 'frames': 4259840, 'eval/model_optimality_ratio': 0.9799683094024658, 'eval/greedy_optimality_ratio': 0.9149069786071777, 'eval/improvement_vs_greedy': 0.06506131589412689}
{'iteration': 131, 'train/policy_loss': 0.9002277441322803, 'train/value_loss': 0.30797008640365675, 'hours': 4.149159629874761, 'frames': 4292608}
{'iteration': 132, 'train/policy_loss': 0.904160178033635, 'train/value_loss': 0.2981255980557762, 'hours': 4.179231803019843, 'frames': 4325376}
{'iteration': 133, 'train/policy_loss': 0.9704753197729588, 'train/value_loss': 0.36104548996081576, 'hours': 4.207873230642744, 'frames': 4358144}
{'iteration': 134, 'train/policy_loss': 0.9359382917173207, 'train/value_loss': 0.33194866735721007, 'hours': 4.239163708686831, 'frames': 4390912}
{'iteration': 135, 'train/policy_loss': 0.8851575751323253, 'train/value_loss': 0.29066975563182496, 'hours': 4.270450913707418, 'frames': 4423680, 'eval/model_optimality_ratio': 0.97484290599823, 'eval/greedy_optimality_ratio': 0.9121066927909851, 'eval/improvement_vs_greedy': 0.06273610889911652}
{'iteration': 136, 'train/policy_loss': 0.8866279125213623, 'train/value_loss': 0.26323467324255034, 'hours': 4.301913621160722, 'frames': 4456448}
{'iteration': 137, 'train/policy_loss': 1.0478089852258563, 'train/value_loss': 0.5527008710196242, 'hours': 4.330540544324454, 'frames': 4489216}
{'iteration': 138, 'train/policy_loss': 0.8602255939040333, 'train/value_loss': 0.31114227668149397, 'hours': 4.359242041044768, 'frames': 4521984}
{'iteration': 139, 'train/policy_loss': 0.8655040746089071, 'train/value_loss': 0.31351617263862863, 'hours': 4.387997705671525, 'frames': 4554752}
{'iteration': 140, 'train/policy_loss': 0.8619085708633065, 'train/value_loss': 0.316889003792312, 'hours': 4.417738735675814, 'frames': 4587520, 'eval/model_optimality_ratio': 0.9712936878204346, 'eval/greedy_optimality_ratio': 0.9010398983955383, 'eval/improvement_vs_greedy': 0.07025376707315445}
{'iteration': 141, 'train/policy_loss': 0.8683265573345125, 'train/value_loss': 0.2916527866036631, 'hours': 4.4477505860063795, 'frames': 4620288}
{'iteration': 142, 'train/policy_loss': 0.8920611271169037, 'train/value_loss': 0.2696038218855392, 'hours': 4.4779937166637875, 'frames': 4653056}
{'iteration': 143, 'train/policy_loss': 0.9162889332510531, 'train/value_loss': 0.23342054287786596, 'hours': 4.508479898307062, 'frames': 4685824}
{'iteration': 144, 'train/policy_loss': 0.8573800700251013, 'train/value_loss': 0.3168310279143043, 'hours': 4.536931292745805, 'frames': 4718592}
{'iteration': 145, 'train/policy_loss': 0.8668932255823165, 'train/value_loss': 0.3012799990247004, 'hours': 4.566629296143853, 'frames': 4751360, 'eval/model_optimality_ratio': 0.9741893410682678, 'eval/greedy_optimality_ratio': 0.8999608755111694, 'eval/improvement_vs_greedy': 0.07422848045825958}
{'iteration': 146, 'train/policy_loss': 0.8554430101066828, 'train/value_loss': 0.33470452239271253, 'hours': 4.596892722315262, 'frames': 4784128}
{'iteration': 147, 'train/policy_loss': 0.8493000983726233, 'train/value_loss': 0.3170754098100588, 'hours': 4.626408322056139, 'frames': 4816896}
{'iteration': 148, 'train/policy_loss': 0.92053437163122, 'train/value_loss': 0.34668202634202316, 'hours': 4.656332807607125, 'frames': 4849664}
{'iteration': 149, 'train/policy_loss': 0.9009576146490872, 'train/value_loss': 0.3165995060116984, 'hours': 4.685767059922222, 'frames': 4882432}
{'iteration': 150, 'train/policy_loss': 0.8838387511204928, 'train/value_loss': 0.28606692035100423, 'hours': 4.7151202809148405, 'frames': 4915200, 'eval/model_optimality_ratio': 0.9911770820617676, 'eval/greedy_optimality_ratio': 0.9332209229469299, 'eval/improvement_vs_greedy': 0.05795614421367645}
{'iteration': 151, 'train/policy_loss': 0.8725156250875443, 'train/value_loss': 0.328810520702973, 'hours': 4.7479999778005855, 'frames': 4947968}
{'iteration': 152, 'train/policy_loss': 0.856739531038329, 'train/value_loss': 0.2739638038619887, 'hours': 4.77866095470058, 'frames': 4980736}
{'iteration': 153, 'train/policy_loss': 0.8320521600544453, 'train/value_loss': 0.316790176613722, 'hours': 4.810223172571928, 'frames': 5013504}
{'iteration': 154, 'train/policy_loss': 0.8314313911832869, 'train/value_loss': 0.3196862102486193, 'hours': 4.839480735394694, 'frames': 5046272}
{'iteration': 155, 'train/policy_loss': 0.8171951472759247, 'train/value_loss': 0.33995054266415536, 'hours': 4.869427489240968, 'frames': 5079040, 'eval/model_optimality_ratio': 0.9822887182235718, 'eval/greedy_optimality_ratio': 0.9154254794120789, 'eval/improvement_vs_greedy': 0.06686332821846008}
{'iteration': 156, 'train/policy_loss': 0.8550291077699512, 'train/value_loss': 0.29672652468434535, 'hours': 4.898809159000718, 'frames': 5111808}
{'iteration': 157, 'train/policy_loss': 0.8565249524544924, 'train/value_loss': 0.300809261854738, 'hours': 4.927817438244824, 'frames': 5144576}
{'iteration': 158, 'train/policy_loss': 0.9491201338823885, 'train/value_loss': 0.5145461634383537, 'hours': 4.957459096776119, 'frames': 5177344}
{'iteration': 159, 'train/policy_loss': 0.9991221984382719, 'train/value_loss': 0.2972156891482882, 'hours': 4.9875351709127465, 'frames': 5210112}
{'iteration': 160, 'train/policy_loss': 0.964444211916998, 'train/value_loss': 0.22077988533419557, 'hours': 5.0183383920457665, 'frames': 5242880, 'eval/model_optimality_ratio': 0.9557093381881714, 'eval/greedy_optimality_ratio': 0.9100519418716431, 'eval/improvement_vs_greedy': 0.04565735161304474}
{'iteration': 161, 'train/policy_loss': 0.9697564009111375, 'train/value_loss': 0.21470506198238581, 'hours': 5.0479562765359915, 'frames': 5275648}
{'iteration': 162, 'train/policy_loss': 0.8550146429333836, 'train/value_loss': 0.2207220090785995, 'hours': 5.081535024046902, 'frames': 5308416}
{'iteration': 163, 'train/policy_loss': 0.9021128015592694, 'train/value_loss': 0.33000285510206595, 'hours': 5.110829588174824, 'frames': 5341184}
{'iteration': 164, 'train/policy_loss': 0.9756482699885964, 'train/value_loss': 0.255121336405864, 'hours': 5.1407796586222165, 'frames': 5373952}
{'iteration': 165, 'train/policy_loss': 0.8945565714966506, 'train/value_loss': 0.24508853518636897, 'hours': 5.1688966385523525, 'frames': 5406720, 'eval/model_optimality_ratio': 0.9719210863113403, 'eval/greedy_optimality_ratio': 0.9097703695297241, 'eval/improvement_vs_greedy': 0.06215069442987442}
{'iteration': 166, 'train/policy_loss': 0.8507067353930324, 'train/value_loss': 0.27910842548590153, 'hours': 5.198040660222376, 'frames': 5439488}
{'iteration': 167, 'train/policy_loss': 0.9531638347543776, 'train/value_loss': 0.2641841433942318, 'hours': 5.2266148443354545, 'frames': 5472256}
{'iteration': 168, 'train/policy_loss': 0.8620116962119937, 'train/value_loss': 0.316566429566592, 'hours': 5.255971993340391, 'frames': 5505024}
{'iteration': 169, 'train/policy_loss': 1.0557185753714293, 'train/value_loss': 0.8737412045011297, 'hours': 5.2865989811552945, 'frames': 5537792}
{'iteration': 170, 'train/policy_loss': 0.8926085457205772, 'train/value_loss': 0.31629124376922846, 'hours': 5.318184808227756, 'frames': 5570560, 'eval/model_optimality_ratio': 0.8455650210380554, 'eval/greedy_optimality_ratio': 0.9049180746078491, 'eval/improvement_vs_greedy': -0.059353020042181015}
{'iteration': 171, 'train/policy_loss': 0.7419162834994495, 'train/value_loss': 0.20531390167889185, 'hours': 5.351256698899804, 'frames': 5603328}
{'iteration': 172, 'train/policy_loss': 0.7643180203158408, 'train/value_loss': 0.17910832940833643, 'hours': 5.383870895438729, 'frames': 5636096}
{'iteration': 173, 'train/policy_loss': 0.6816897122189403, 'train/value_loss': 0.18219145588227548, 'hours': 5.416131269401979, 'frames': 5668864}
{'iteration': 174, 'train/policy_loss': 0.7949556075036526, 'train/value_loss': 0.1715526902116835, 'hours': 5.446487337085941, 'frames': 5701632}
{'iteration': 175, 'train/policy_loss': 0.793948135804385, 'train/value_loss': 0.18424506488372572, 'hours': 5.4780366479025995, 'frames': 5734400, 'eval/model_optimality_ratio': 0.8949668407440186, 'eval/greedy_optimality_ratio': 0.9059430360794067, 'eval/improvement_vs_greedy': -0.010976159945130348}
{'iteration': 176, 'train/policy_loss': 0.7914817563723773, 'train/value_loss': 0.16215273379930295, 'hours': 5.509144611888466, 'frames': 5767168}
{'iteration': 177, 'train/policy_loss': 0.9331307765096426, 'train/value_loss': 0.18318913999246433, 'hours': 5.538583710524775, 'frames': 5799936}
{'iteration': 178, 'train/policy_loss': 0.9279070703778416, 'train/value_loss': 0.17324784511583857, 'hours': 5.5684315405289375, 'frames': 5832704}
{'iteration': 179, 'train/policy_loss': 0.972479733871296, 'train/value_loss': 0.22348722716560587, 'hours': 5.597604148586595, 'frames': 5865472}
{'iteration': 180, 'train/policy_loss': 0.9104646800551564, 'train/value_loss': 0.23048890224890783, 'hours': 5.628270495666402, 'frames': 5898240, 'eval/model_optimality_ratio': 0.961403489112854, 'eval/greedy_optimality_ratio': 0.9023957252502441, 'eval/improvement_vs_greedy': 0.05900779366493225}
{'iteration': 181, 'train/policy_loss': 0.9048105806577951, 'train/value_loss': 0.2491976886522025, 'hours': 5.659906805753712, 'frames': 5931008}
{'iteration': 182, 'train/policy_loss': 0.9047233054880053, 'train/value_loss': 0.27678071323316544, 'hours': 5.68785174151262, 'frames': 5963776}
{'iteration': 183, 'train/policy_loss': 0.8817413849756122, 'train/value_loss': 0.19426648266380653, 'hours': 5.717334729499291, 'frames': 5996544}
{'iteration': 184, 'train/policy_loss': 0.8647900749929249, 'train/value_loss': 0.19065729156136513, 'hours': 5.745883764492145, 'frames': 6029312}
{'iteration': 185, 'train/policy_loss': 0.8866692208684981, 'train/value_loss': 0.14502001059008762, 'hours': 5.776334122154452, 'frames': 6062080, 'eval/model_optimality_ratio': 0.9867992401123047, 'eval/greedy_optimality_ratio': 0.9194259643554688, 'eval/improvement_vs_greedy': 0.06737338751554489}
{'iteration': 186, 'train/policy_loss': 0.8651134192477912, 'train/value_loss': 0.1447000499756541, 'hours': 5.806145771609417, 'frames': 6094848}
{'iteration': 187, 'train/policy_loss': 0.8477508116047829, 'train/value_loss': 0.0888484368333593, 'hours': 5.83801985515489, 'frames': 6127616}
{'iteration': 188, 'train/policy_loss': 0.8840157093945891, 'train/value_loss': 0.1823415618564468, 'hours': 5.8672384677992975, 'frames': 6160384}
{'iteration': 189, 'train/policy_loss': 0.8817533156834543, 'train/value_loss': 0.12467144528636709, 'hours': 5.896809259785551, 'frames': 6193152}
{'iteration': 190, 'train/policy_loss': 0.8439507980365306, 'train/value_loss': 0.16546632754034363, 'hours': 5.925431765582831, 'frames': 6225920, 'eval/model_optimality_ratio': 0.978596031665802, 'eval/greedy_optimality_ratio': 0.9211185574531555, 'eval/improvement_vs_greedy': 0.05747745931148529}
{'iteration': 191, 'train/policy_loss': 0.837324595078826, 'train/value_loss': 0.13724851215374656, 'hours': 5.953935748272476, 'frames': 6258688}
{'iteration': 192, 'train/policy_loss': 0.8374550947919488, 'train/value_loss': 0.16058754501864314, 'hours': 5.984368207057321, 'frames': 6291456}
{'iteration': 193, 'train/policy_loss': 0.8248153203167021, 'train/value_loss': 0.14144266808580142, 'hours': 6.016067761646381, 'frames': 6324224}
{'iteration': 194, 'train/policy_loss': 0.8624101583845913, 'train/value_loss': 0.15747462907165755, 'hours': 6.045458933777284, 'frames': 6356992}
{'iteration': 195, 'train/policy_loss': 0.8667615232989192, 'train/value_loss': 0.1270901441021124, 'hours': 6.074600255158217, 'frames': 6389760, 'eval/model_optimality_ratio': 0.9758673906326294, 'eval/greedy_optimality_ratio': 0.8978768587112427, 'eval/improvement_vs_greedy': 0.07799047231674194}
{'iteration': 196, 'train/policy_loss': 0.8470416741911322, 'train/value_loss': 0.17127465672092512, 'hours': 6.105473998983706, 'frames': 6422528}
{'iteration': 197, 'train/policy_loss': 0.8512041664216667, 'train/value_loss': 0.11166373145533726, 'hours': 6.135509344008239, 'frames': 6455296}
{'iteration': 198, 'train/policy_loss': 0.8255839580669999, 'train/value_loss': 0.17947200499475002, 'hours': 6.164109070036151, 'frames': 6488064}
{'iteration': 199, 'train/policy_loss': 0.8037152425386012, 'train/value_loss': 0.12593226954049896, 'hours': 6.194036207331556, 'frames': 6520832}
{'iteration': 200, 'train/policy_loss': 0.8381567033939064, 'train/value_loss': 0.12651283098966815, 'hours': 6.224718406399096, 'frames': 6553600, 'eval/model_optimality_ratio': 0.9863131046295166, 'eval/greedy_optimality_ratio': 0.9080330729484558, 'eval/improvement_vs_greedy': 0.07828008383512497}
{'iteration': 201, 'train/policy_loss': 0.8349980583880097, 'train/value_loss': 0.14935876897652633, 'hours': 6.252517018450636, 'frames': 6586368}
{'iteration': 202, 'train/policy_loss': 0.8569257697090507, 'train/value_loss': 0.15527151743299328, 'hours': 6.283705216513744, 'frames': 6619136}
{'iteration': 203, 'train/policy_loss': 0.8409336109180003, 'train/value_loss': 0.12612142629222944, 'hours': 6.312482773595391, 'frames': 6651904}
{'iteration': 204, 'train/policy_loss': 0.8427018222864717, 'train/value_loss': 0.12788682481914293, 'hours': 6.341427160965076, 'frames': 6684672}
{'iteration': 205, 'train/policy_loss': 0.8324617412872612, 'train/value_loss': 0.12183093493513297, 'hours': 6.371687118940888, 'frames': 6717440, 'eval/model_optimality_ratio': 0.9817467927932739, 'eval/greedy_optimality_ratio': 0.9080463647842407, 'eval/improvement_vs_greedy': 0.07370039075613022}
{'iteration': 206, 'train/policy_loss': 0.8902771153952926, 'train/value_loss': 0.11953090305905789, 'hours': 6.400463823676114, 'frames': 6750208}
{'iteration': 207, 'train/policy_loss': 0.8165028959047049, 'train/value_loss': 0.15710151109669823, 'hours': 6.428576251599528, 'frames': 6782976}
{'iteration': 208, 'train/policy_loss': 0.8228471204638481, 'train/value_loss': 0.13071259451680817, 'hours': 6.458474788003502, 'frames': 6815744}
{'iteration': 209, 'train/policy_loss': 0.8258158813696355, 'train/value_loss': 0.15334859982249327, 'hours': 6.487488679157368, 'frames': 6848512}
{'iteration': 210, 'train/policy_loss': 0.8208711952902377, 'train/value_loss': 0.15447674665483646, 'hours': 6.517695573237212, 'frames': 6881280, 'eval/model_optimality_ratio': 0.9780651330947876, 'eval/greedy_optimality_ratio': 0.9038146734237671, 'eval/improvement_vs_greedy': 0.07425042241811752}
{'iteration': 211, 'train/policy_loss': 0.8198680637869984, 'train/value_loss': 0.1643254508235259, 'hours': 6.546109085281695, 'frames': 6914048}
{'iteration': 212, 'train/policy_loss': 0.8227419354952872, 'train/value_loss': 0.1420673635439016, 'hours': 6.576456663608556, 'frames': 6946816}
{'iteration': 213, 'train/policy_loss': 0.8351711148861796, 'train/value_loss': 0.11424021465063561, 'hours': 6.604916433294619, 'frames': 6979584}
{'iteration': 214, 'train/policy_loss': 0.8525764623191208, 'train/value_loss': 0.11443042370956391, 'hours': 6.63250095446905, 'frames': 7012352}
{'iteration': 215, 'train/policy_loss': 0.8419980816543102, 'train/value_loss': 0.14528523580520414, 'hours': 6.660202007293706, 'frames': 7045120, 'eval/model_optimality_ratio': 0.9544445276260376, 'eval/greedy_optimality_ratio': 0.9219242334365845, 'eval/improvement_vs_greedy': 0.03252031281590462}
{'iteration': 216, 'train/policy_loss': 0.8071870193816721, 'train/value_loss': 0.13038295837759506, 'hours': 6.689310392008892, 'frames': 7077888}
{'iteration': 217, 'train/policy_loss': 0.8354834101628512, 'train/value_loss': 0.13068882792140357, 'hours': 6.718740602996618, 'frames': 7110656}
{'iteration': 218, 'train/policy_loss': 0.9674773702863604, 'train/value_loss': 1.1262080144369975, 'hours': 6.749808868103561, 'frames': 7143424}
{'iteration': 219, 'train/policy_loss': 0.8395198213402182, 'train/value_loss': 0.30941863168845885, 'hours': 6.7817127089368014, 'frames': 7176192}
{'iteration': 220, 'train/policy_loss': 0.8541190535761416, 'train/value_loss': 0.27714892086805776, 'hours': 6.8099946038590575, 'frames': 7208960, 'eval/model_optimality_ratio': 0.9852045178413391, 'eval/greedy_optimality_ratio': 0.9222214221954346, 'eval/improvement_vs_greedy': 0.06298314034938812}
{'iteration': 221, 'train/policy_loss': 0.8645624634809792, 'train/value_loss': 0.16588644179864787, 'hours': 6.839981405403883, 'frames': 7241728}
{'iteration': 222, 'train/policy_loss': 0.8326610936783254, 'train/value_loss': 0.10845015177619644, 'hours': 6.868980626463894, 'frames': 7274496}
{'iteration': 223, 'train/policy_loss': 0.8360275058075786, 'train/value_loss': 0.09421085682697594, 'hours': 6.898921946618295, 'frames': 7307264}
{'iteration': 224, 'train/policy_loss': 0.8116858245339245, 'train/value_loss': 0.12844098552886862, 'hours': 6.926923530631599, 'frames': 7340032}
{'iteration': 225, 'train/policy_loss': 0.8277636882849038, 'train/value_loss': 0.10105344011390116, 'hours': 6.955496532254752, 'frames': 7372800, 'eval/model_optimality_ratio': 0.9875044226646423, 'eval/greedy_optimality_ratio': 0.9100885391235352, 'eval/improvement_vs_greedy': 0.07741586863994598}
{'iteration': 226, 'train/policy_loss': 0.8269904821645468, 'train/value_loss': 0.13274015959177632, 'hours': 6.98572620113691, 'frames': 7405568}
{'iteration': 227, 'train/policy_loss': 0.8147194592747837, 'train/value_loss': 0.10192356808693148, 'hours': 7.014835932254795, 'frames': 7438336}
{'iteration': 228, 'train/policy_loss': 0.8380632656626403, 'train/value_loss': 0.09994840930448845, 'hours': 7.043323362006085, 'frames': 7471104}
{'iteration': 229, 'train/policy_loss': 0.8471627198159695, 'train/value_loss': 0.10939211558434181, 'hours': 7.074247442152768, 'frames': 7503872}
{'iteration': 230, 'train/policy_loss': 0.8376367308665067, 'train/value_loss': 0.12378532682487275, 'hours': 7.1030907725625605, 'frames': 7536640, 'eval/model_optimality_ratio': 0.9717138409614563, 'eval/greedy_optimality_ratio': 0.9134335517883301, 'eval/improvement_vs_greedy': 0.05828028917312622}
{'iteration': 231, 'train/policy_loss': 0.8493651344906539, 'train/value_loss': 0.14676524123933632, 'hours': 7.131249419980582, 'frames': 7569408}
{'iteration': 232, 'train/policy_loss': 0.8398189251311123, 'train/value_loss': 0.10344459131010808, 'hours': 7.162470183372501, 'frames': 7602176}
{'iteration': 233, 'train/policy_loss': 0.8101533660665154, 'train/value_loss': 0.07940387872804422, 'hours': 7.1908681541019055, 'frames': 7634944}
{'iteration': 234, 'train/policy_loss': 0.8615399296395481, 'train/value_loss': 0.19837612556875683, 'hours': 7.219043482806952, 'frames': 7667712}
{'iteration': 235, 'train/policy_loss': 0.9076858584303409, 'train/value_loss': 0.21220848846132867, 'hours': 7.247806776033512, 'frames': 7700480, 'eval/model_optimality_ratio': 0.9401559829711914, 'eval/greedy_optimality_ratio': 0.9098978042602539, 'eval/improvement_vs_greedy': 0.030258283019065857}
{'iteration': 236, 'train/policy_loss': 0.8992587698157877, 'train/value_loss': 0.135551984742051, 'hours': 7.277912746866549, 'frames': 7733248}
{'iteration': 237, 'train/policy_loss': 0.8593069061171263, 'train/value_loss': 0.1301387329294812, 'hours': 7.306693879829518, 'frames': 7766016}
{'iteration': 238, 'train/policy_loss': 0.8458484695293009, 'train/value_loss': 0.07813209367304808, 'hours': 7.336665097607511, 'frames': 7798784}
{'iteration': 239, 'train/policy_loss': 0.8456611374858767, 'train/value_loss': 0.1658923716749996, 'hours': 7.367363340523513, 'frames': 7831552}
{'iteration': 240, 'train/policy_loss': 0.8363116316031665, 'train/value_loss': 0.1318673594505526, 'hours': 7.396423492762782, 'frames': 7864320, 'eval/model_optimality_ratio': 0.9746016263961792, 'eval/greedy_optimality_ratio': 0.9155169725418091, 'eval/improvement_vs_greedy': 0.059084661304950714}
{'iteration': 241, 'train/policy_loss': 0.8465770303737372, 'train/value_loss': 0.07541662351286504, 'hours': 7.427165949808232, 'frames': 7897088}
{'iteration': 242, 'train/policy_loss': 0.85718311695382, 'train/value_loss': 0.11253715545171872, 'hours': 7.456920054223807, 'frames': 7929856}
{'iteration': 243, 'train/policy_loss': 0.8378700185567141, 'train/value_loss': 0.136324303879519, 'hours': 7.487012928790521, 'frames': 7962624}
{'iteration': 244, 'train/policy_loss': 0.8467202405445278, 'train/value_loss': 0.10908275676774792, 'hours': 7.517434352636342, 'frames': 7995392}
{'iteration': 245, 'train/policy_loss': 0.8830108775291592, 'train/value_loss': 0.5144780946866376, 'hours': 7.545941515432468, 'frames': 8028160, 'eval/model_optimality_ratio': 0.9825124144554138, 'eval/greedy_optimality_ratio': 0.9152140617370605, 'eval/improvement_vs_greedy': 0.06729842722415924}
{'iteration': 246, 'train/policy_loss': 0.952888289000839, 'train/value_loss': 0.19576151031651534, 'hours': 7.580372741818432, 'frames': 8060928}
{'iteration': 247, 'train/policy_loss': 0.8807201816234738, 'train/value_loss': 0.168250805727439, 'hours': 7.611406232251065, 'frames': 8093696}
{'iteration': 248, 'train/policy_loss': 0.8230210721958429, 'train/value_loss': 0.12946084677241743, 'hours': 7.641249899533063, 'frames': 8126464}
{'iteration': 249, 'train/policy_loss': 0.8174653283786029, 'train/value_loss': 0.12054090286255814, 'hours': 7.670392814013696, 'frames': 8159232}
{'iteration': 250, 'train/policy_loss': 0.808638655114919, 'train/value_loss': 0.12268135152407922, 'hours': 7.699101298650109, 'frames': 8192000, 'eval/model_optimality_ratio': 0.9893704056739807, 'eval/greedy_optimality_ratio': 0.9204673767089844, 'eval/improvement_vs_greedy': 0.06890302151441574}
{'iteration': 251, 'train/policy_loss': 0.8221589813474566, 'train/value_loss': 0.09567597930436023, 'hours': 7.729583609700206, 'frames': 8224768}
{'iteration': 252, 'train/policy_loss': 0.8142859239596874, 'train/value_loss': 0.14367644468438812, 'hours': 7.758162614636954, 'frames': 8257536}
{'iteration': 253, 'train/policy_loss': 0.8434416071977466, 'train/value_loss': 0.10379174507397693, 'hours': 7.788720688819889, 'frames': 8290304}
{'iteration': 254, 'train/policy_loss': 0.8917715547140688, 'train/value_loss': 0.14603059455112088, 'hours': 7.817605922619506, 'frames': 8323072}
{'iteration': 255, 'train/policy_loss': 0.8822990118060261, 'train/value_loss': 0.1987632247619331, 'hours': 7.848145805795991, 'frames': 8355840, 'eval/model_optimality_ratio': 0.963692307472229, 'eval/greedy_optimality_ratio': 0.9037586450576782, 'eval/improvement_vs_greedy': 0.05993370711803436}
{'iteration': 256, 'train/policy_loss': 0.9077275537420064, 'train/value_loss': 0.13318199811328668, 'hours': 7.879016456736463, 'frames': 8388608}
{'iteration': 257, 'train/policy_loss': 0.8509724270552397, 'train/value_loss': 0.151755320475786, 'hours': 7.909275784624952, 'frames': 8421376}
{'iteration': 258, 'train/policy_loss': 0.8286238382570446, 'train/value_loss': 0.14453387138200924, 'hours': 7.939017166362873, 'frames': 8454144}
{'iteration': 259, 'train/policy_loss': 0.855162312509492, 'train/value_loss': 0.1209625991032226, 'hours': 7.969616134497858, 'frames': 8486912}
{'iteration': 260, 'train/policy_loss': 0.820879909209907, 'train/value_loss': 0.16632146597839892, 'hours': 8.00001815232966, 'frames': 8519680, 'eval/model_optimality_ratio': 0.9697626829147339, 'eval/greedy_optimality_ratio': 0.9167083501815796, 'eval/improvement_vs_greedy': 0.05305429548025131}
{'iteration': 261, 'train/policy_loss': 0.8378943654242903, 'train/value_loss': 0.12108054068085039, 'hours': 8.030952056977489, 'frames': 8552448}
{'iteration': 262, 'train/policy_loss': 0.8299184222705662, 'train/value_loss': 0.11452925048070028, 'hours': 8.062425425582466, 'frames': 8585216}
{'iteration': 263, 'train/policy_loss': 0.8521928330883384, 'train/value_loss': 0.09881204864359461, 'hours': 8.091352729532458, 'frames': 8617984}
{'iteration': 264, 'train/policy_loss': 0.8290129085071385, 'train/value_loss': 0.1699489030870609, 'hours': 8.119484262665118, 'frames': 8650752}
{'iteration': 265, 'train/policy_loss': 0.8217826811596751, 'train/value_loss': 0.10448039877519477, 'hours': 8.148976865808175, 'frames': 8683520, 'eval/model_optimality_ratio': 0.9856030344963074, 'eval/greedy_optimality_ratio': 0.9133115410804749, 'eval/improvement_vs_greedy': 0.0722915381193161}
{'iteration': 266, 'train/policy_loss': 0.8239959664642811, 'train/value_loss': 0.10478335672814865, 'hours': 8.177616041435142, 'frames': 8716288}
{'iteration': 267, 'train/policy_loss': 0.8459427813068032, 'train/value_loss': 0.10788333651726134, 'hours': 8.206438631878965, 'frames': 8749056}
{'iteration': 268, 'train/policy_loss': 0.8646959143225104, 'train/value_loss': 0.1288702604797436, 'hours': 8.235563023024142, 'frames': 8781824}
{'iteration': 269, 'train/policy_loss': 0.8350226513575763, 'train/value_loss': 0.176984073856147, 'hours': 8.265296734439008, 'frames': 8814592}
{'iteration': 270, 'train/policy_loss': 0.8191969613544643, 'train/value_loss': 0.10049887593777385, 'hours': 8.298489107092228, 'frames': 8847360, 'eval/model_optimality_ratio': 0.9878642559051514, 'eval/greedy_optimality_ratio': 0.9160215854644775, 'eval/improvement_vs_greedy': 0.07184270769357681}
{'iteration': 271, 'train/policy_loss': 0.8337949009146541, 'train/value_loss': 0.10337964467180427, 'hours': 8.327480746971244, 'frames': 8880128}
{'iteration': 272, 'train/policy_loss': 0.8178801073227078, 'train/value_loss': 0.11286073882365599, 'hours': 8.357373340725905, 'frames': 8912896}
{'iteration': 273, 'train/policy_loss': 0.8124807234853506, 'train/value_loss': 0.08394460965064354, 'hours': 8.38751854214404, 'frames': 8945664}
{'iteration': 274, 'train/policy_loss': 0.825412152800709, 'train/value_loss': 0.11246781698719133, 'hours': 8.419263346460136, 'frames': 8978432}
{'iteration': 275, 'train/policy_loss': 0.8452335910405964, 'train/value_loss': 0.07379490052699111, 'hours': 8.449418870078198, 'frames': 9011200, 'eval/model_optimality_ratio': 0.9727787971496582, 'eval/greedy_optimality_ratio': 0.9114689826965332, 'eval/improvement_vs_greedy': 0.06130973994731903}
{'iteration': 276, 'train/policy_loss': 0.8444433391559869, 'train/value_loss': 0.1280511053482769, 'hours': 8.478240048156849, 'frames': 9043968}
{'iteration': 277, 'train/policy_loss': 0.8637377305421978, 'train/value_loss': 0.09859533699636813, 'hours': 8.507304906580188, 'frames': 9076736}
{'iteration': 278, 'train/policy_loss': 0.8282905656378716, 'train/value_loss': 0.10298109285940882, 'hours': 8.535283843874936, 'frames': 9109504}
{'iteration': 279, 'train/policy_loss': 0.8569366361480206, 'train/value_loss': 0.15033224977378268, 'hours': 8.562890412939923, 'frames': 9142272}
{'iteration': 280, 'train/policy_loss': 0.8200285562779754, 'train/value_loss': 0.10320202622096986, 'hours': 8.593163474400843, 'frames': 9175040, 'eval/model_optimality_ratio': 0.9927667379379272, 'eval/greedy_optimality_ratio': 0.9063029885292053, 'eval/improvement_vs_greedy': 0.08646373450756073}
{'iteration': 281, 'train/policy_loss': 0.8162279357202351, 'train/value_loss': 0.09596531825081911, 'hours': 8.622843913502168, 'frames': 9207808}
{'iteration': 282, 'train/policy_loss': 0.8371926127001643, 'train/value_loss': 0.0903545238688821, 'hours': 8.651535767979096, 'frames': 9240576}
{'iteration': 283, 'train/policy_loss': 0.8315740951802582, 'train/value_loss': 0.09640730432874989, 'hours': 8.68088358190325, 'frames': 9273344}
{'iteration': 284, 'train/policy_loss': 0.8715424868278205, 'train/value_loss': 0.11789613764267415, 'hours': 8.711212946706352, 'frames': 9306112}
{'iteration': 285, 'train/policy_loss': 0.8404036611318588, 'train/value_loss': 0.1353075179795269, 'hours': 8.74113239049912, 'frames': 9338880, 'eval/model_optimality_ratio': 0.979816198348999, 'eval/greedy_optimality_ratio': 0.915137529373169, 'eval/improvement_vs_greedy': 0.06467863917350769}
{'iteration': 286, 'train/policy_loss': 0.8415263339411467, 'train/value_loss': 0.08452007340383716, 'hours': 8.77000941548083, 'frames': 9371648}
{'iteration': 287, 'train/policy_loss': 0.8514002803713083, 'train/value_loss': 0.1524656203982886, 'hours': 8.79859045154519, 'frames': 9404416}
{'iteration': 288, 'train/policy_loss': 0.8302848145831376, 'train/value_loss': 0.12599345996568445, 'hours': 8.826549004382562, 'frames': 9437184}
{'iteration': 289, 'train/policy_loss': 0.8235421287827194, 'train/value_loss': 0.09344752714969218, 'hours': 8.85579824831751, 'frames': 9469952}
{'iteration': 290, 'train/policy_loss': 0.8360747231636196, 'train/value_loss': 0.1320322517567547, 'hours': 8.885569446484253, 'frames': 9502720, 'eval/model_optimality_ratio': 0.9841309785842896, 'eval/greedy_optimality_ratio': 0.8973076343536377, 'eval/improvement_vs_greedy': 0.08682335168123245}
{'iteration': 291, 'train/policy_loss': 0.8380071583669633, 'train/value_loss': 0.10059919714694843, 'hours': 8.914563893013534, 'frames': 9535488}
{'iteration': 292, 'train/policy_loss': 0.8283023999538273, 'train/value_loss': 0.08067095762817189, 'hours': 8.944115850528085, 'frames': 9568256}
{'iteration': 293, 'train/policy_loss': 0.8289382026996464, 'train/value_loss': 0.09686935182253364, 'hours': 8.973070842358805, 'frames': 9601024}
{'iteration': 294, 'train/policy_loss': 0.8192138154990971, 'train/value_loss': 0.12174300375045277, 'hours': 9.001590230663622, 'frames': 9633792}
{'iteration': 295, 'train/policy_loss': 0.8455167543143034, 'train/value_loss': 0.16586936345265713, 'hours': 9.033821388681734, 'frames': 9666560, 'eval/model_optimality_ratio': 0.9810513257980347, 'eval/greedy_optimality_ratio': 0.9142817258834839, 'eval/improvement_vs_greedy': 0.06676961481571198}
{'iteration': 296, 'train/policy_loss': 0.8652907689101994, 'train/value_loss': 0.09297865664120764, 'hours': 9.064382707277938, 'frames': 9699328}
{'iteration': 297, 'train/policy_loss': 0.8672549766488373, 'train/value_loss': 0.09160169218375813, 'hours': 9.094184567001134, 'frames': 9732096}
{'iteration': 298, 'train/policy_loss': 0.8302963196765631, 'train/value_loss': 0.10432157717877999, 'hours': 9.124577910304073, 'frames': 9764864}
{'iteration': 299, 'train/policy_loss': 0.8781442237086594, 'train/value_loss': 0.08313376127625816, 'hours': 9.154007710350887, 'frames': 9797632}
{'iteration': 300, 'train/policy_loss': 0.8375618003774434, 'train/value_loss': 0.11971505561086815, 'hours': 9.183098206321402, 'frames': 9830400, 'eval/model_optimality_ratio': 0.9769231081008911, 'eval/greedy_optimality_ratio': 0.9181547164916992, 'eval/improvement_vs_greedy': 0.05876842886209488}
{'iteration': 301, 'train/policy_loss': 0.81109614437446, 'train/value_loss': 0.11814753599173855, 'hours': 9.211099686092805, 'frames': 9863168}
{'iteration': 302, 'train/policy_loss': 0.8379481171723455, 'train/value_loss': 0.08578071995725622, 'hours': 9.24072278340658, 'frames': 9895936}
{'iteration': 303, 'train/policy_loss': 0.8312091927509755, 'train/value_loss': 0.06414839533681516, 'hours': 9.269558635950093, 'frames': 9928704}
{'iteration': 304, 'train/policy_loss': 0.8100458732806146, 'train/value_loss': 0.12737826761440374, 'hours': 9.298762973878123, 'frames': 9961472}
{'iteration': 305, 'train/policy_loss': 0.8193575709592551, 'train/value_loss': 0.09898921779677039, 'hours': 9.327213648955032, 'frames': 9994240, 'eval/model_optimality_ratio': 0.9899508357048035, 'eval/greedy_optimality_ratio': 0.9088937044143677, 'eval/improvement_vs_greedy': 0.0810570940375328}
{'iteration': 306, 'train/policy_loss': 0.8332380044739693, 'train/value_loss': 0.058344377124740276, 'hours': 9.356172731717432, 'frames': 10027008}
{'iteration': 307, 'train/policy_loss': 0.8242456340231001, 'train/value_loss': 0.08677710591291543, 'hours': 9.384671987162701, 'frames': 10059776}
{'iteration': 308, 'train/policy_loss': 0.8259619441814721, 'train/value_loss': 0.07087315158423735, 'hours': 9.417809994750558, 'frames': 10092544}
{'iteration': 309, 'train/policy_loss': 0.8267818386666477, 'train/value_loss': 0.11218013063626131, 'hours': 9.446925951374906, 'frames': 10125312}
{'iteration': 310, 'train/policy_loss': 0.8212849064730108, 'train/value_loss': 0.076230175436649, 'hours': 9.477718173861508, 'frames': 10158080, 'eval/model_optimality_ratio': 0.9770800471305847, 'eval/greedy_optimality_ratio': 0.9096730351448059, 'eval/improvement_vs_greedy': 0.06740699708461761}
{'iteration': 311, 'train/policy_loss': 0.8103238269686699, 'train/value_loss': 0.09526321076555178, 'hours': 9.507762937347099, 'frames': 10190848}
{'iteration': 312, 'train/policy_loss': 0.8105713087134063, 'train/value_loss': 0.06352447553217644, 'hours': 9.53626712765959, 'frames': 10223616}
{'iteration': 313, 'train/policy_loss': 0.8235611610580236, 'train/value_loss': 0.07744535681558773, 'hours': 9.565433326164886, 'frames': 10256384}
{'iteration': 314, 'train/policy_loss': 0.8160192351788282, 'train/value_loss': 0.10102332178212237, 'hours': 9.600365420050096, 'frames': 10289152}
{'iteration': 315, 'train/policy_loss': 0.8129960934165865, 'train/value_loss': 0.12055104415048845, 'hours': 9.629285596940257, 'frames': 10321920, 'eval/model_optimality_ratio': 0.9830223321914673, 'eval/greedy_optimality_ratio': 0.9055978059768677, 'eval/improvement_vs_greedy': 0.07742445915937424}
{'iteration': 316, 'train/policy_loss': 0.848743351874873, 'train/value_loss': 0.11675609860685654, 'hours': 9.659875128136745, 'frames': 10354688}
{'iteration': 317, 'train/policy_loss': 0.8052583143580705, 'train/value_loss': 0.09195959419594146, 'hours': 9.688869287239186, 'frames': 10387456}
{'iteration': 318, 'train/policy_loss': 0.8287491619121283, 'train/value_loss': 0.07947600349143613, 'hours': 9.717180849446196, 'frames': 10420224}
{'iteration': 319, 'train/policy_loss': 0.7955616982653737, 'train/value_loss': 0.06388119148323312, 'hours': 9.747384889721875, 'frames': 10452992}
{'iteration': 320, 'train/policy_loss': 0.8431075820699334, 'train/value_loss': 0.1332746572443284, 'hours': 9.775403174360598, 'frames': 10485760, 'eval/model_optimality_ratio': 0.9756861925125122, 'eval/greedy_optimality_ratio': 0.899863600730896, 'eval/improvement_vs_greedy': 0.07582259178161621}
{'iteration': 321, 'train/policy_loss': 0.8161285978276283, 'train/value_loss': 0.08728984372282866, 'hours': 9.806243327789842, 'frames': 10518528}
{'iteration': 322, 'train/policy_loss': 0.8204363130498677, 'train/value_loss': 0.07706610931199975, 'hours': 9.836007390154737, 'frames': 10551296}
{'iteration': 323, 'train/policy_loss': 0.8167003374546766, 'train/value_loss': 0.07589996012393385, 'hours': 9.86534213867453, 'frames': 10584064}
{'iteration': 324, 'train/policy_loss': 0.828499449416995, 'train/value_loss': 0.08475234189245384, 'hours': 9.89447081479762, 'frames': 10616832}
{'iteration': 325, 'train/policy_loss': 0.830539321526885, 'train/value_loss': 0.0865720796136884, 'hours': 9.922980629139483, 'frames': 10649600, 'eval/model_optimality_ratio': 0.9924485683441162, 'eval/greedy_optimality_ratio': 0.926268458366394, 'eval/improvement_vs_greedy': 0.06618010997772217}
{'iteration': 326, 'train/policy_loss': 0.8074327451176941, 'train/value_loss': 0.0845480721181957, 'hours': 9.951698757211373, 'frames': 10682368}
{'iteration': 327, 'train/policy_loss': 0.820818992331624, 'train/value_loss': 0.08324202525545843, 'hours': 9.983311452004651, 'frames': 10715136}
{'iteration': 328, 'train/policy_loss': 0.8464211991522461, 'train/value_loss': 0.08221836158190854, 'hours': 10.01393066777124, 'frames': 10747904}
{'iteration': 329, 'train/policy_loss': 0.8070678147487342, 'train/value_loss': 0.07302137605438475, 'hours': 10.042323196662803, 'frames': 10780672}
{'iteration': 330, 'train/policy_loss': 0.8344738618470728, 'train/value_loss': 0.07353957070881734, 'hours': 10.071383011274873, 'frames': 10813440, 'eval/model_optimality_ratio': 0.9798712730407715, 'eval/greedy_optimality_ratio': 0.904584527015686, 'eval/improvement_vs_greedy': 0.07528673112392426}
{'iteration': 331, 'train/policy_loss': 0.8369732752908021, 'train/value_loss': 0.11406695516780019, 'hours': 10.10148243155745, 'frames': 10846208}
{'iteration': 332, 'train/policy_loss': 0.8192111204843968, 'train/value_loss': 0.0658273481822107, 'hours': 10.1301549207502, 'frames': 10878976}
{'iteration': 333, 'train/policy_loss': 0.8237071065232158, 'train/value_loss': 0.10061140470497776, 'hours': 10.159258801605972, 'frames': 10911744}
{'iteration': 334, 'train/policy_loss': 0.809995996998623, 'train/value_loss': 0.06903814107499784, 'hours': 10.188376249737216, 'frames': 10944512}
{'iteration': 335, 'train/policy_loss': 0.8336228323169053, 'train/value_loss': 0.10527107020607218, 'hours': 10.216445251372132, 'frames': 10977280, 'eval/model_optimality_ratio': 0.9847921133041382, 'eval/greedy_optimality_ratio': 0.9180253744125366, 'eval/improvement_vs_greedy': 0.06676679849624634}
{'iteration': 336, 'train/policy_loss': 0.7968033461365849, 'train/value_loss': 0.07102297939854907, 'hours': 10.244294465515356, 'frames': 11010048}
{'iteration': 337, 'train/policy_loss': 0.8018273015040904, 'train/value_loss': 0.07458448366378434, 'hours': 10.275621053112886, 'frames': 11042816}
{'iteration': 338, 'train/policy_loss': 0.8139144668821245, 'train/value_loss': 0.07821329309081193, 'hours': 10.305526736776041, 'frames': 11075584}
{'iteration': 339, 'train/policy_loss': 0.8017037357203662, 'train/value_loss': 0.06015836631559068, 'hours': 10.334893351859524, 'frames': 11108352}
{'iteration': 340, 'train/policy_loss': 0.8068911985028535, 'train/value_loss': 0.10362324109883048, 'hours': 10.363947117262423, 'frames': 11141120, 'eval/model_optimality_ratio': 0.9868124723434448, 'eval/greedy_optimality_ratio': 0.9192861914634705, 'eval/improvement_vs_greedy': 0.06752631068229675}
{'iteration': 341, 'train/policy_loss': 0.8341276554856449, 'train/value_loss': 0.08078159266733564, 'hours': 10.393554932806234, 'frames': 11173888}
{'iteration': 342, 'train/policy_loss': 0.8473554390948266, 'train/value_loss': 0.13569551233376842, 'hours': 10.422941064437238, 'frames': 11206656}
{'iteration': 343, 'train/policy_loss': 0.8238100942689925, 'train/value_loss': 0.09583441718132235, 'hours': 10.451745483544144, 'frames': 11239424}
{'iteration': 344, 'train/policy_loss': 0.8245755766984075, 'train/value_loss': 0.08043145111150807, 'hours': 10.481405032409569, 'frames': 11272192}
{'iteration': 345, 'train/policy_loss': 0.8160022464580834, 'train/value_loss': 0.11294106554123573, 'hours': 10.512899386021832, 'frames': 11304960, 'eval/model_optimality_ratio': 0.9804216623306274, 'eval/greedy_optimality_ratio': 0.9141659736633301, 'eval/improvement_vs_greedy': 0.06625565886497498}
{'iteration': 346, 'train/policy_loss': 0.8228497169911861, 'train/value_loss': 0.07869294597185217, 'hours': 10.542861383093735, 'frames': 11337728}
{'iteration': 347, 'train/policy_loss': 0.8276028046384454, 'train/value_loss': 0.08403678666218184, 'hours': 10.57120553506746, 'frames': 11370496}
{'iteration': 348, 'train/policy_loss': 0.8211347246542573, 'train/value_loss': 0.07123860762658296, 'hours': 10.600383174220728, 'frames': 11403264}
{'iteration': 349, 'train/policy_loss': 0.8212124151177704, 'train/value_loss': 0.0750663836079184, 'hours': 10.63013750241863, 'frames': 11436032}
{'iteration': 350, 'train/policy_loss': 0.8081781412474811, 'train/value_loss': 0.07745632811565883, 'hours': 10.660242482026424, 'frames': 11468800, 'eval/model_optimality_ratio': 0.9872389435768127, 'eval/greedy_optimality_ratio': 0.9212082028388977, 'eval/improvement_vs_greedy': 0.06603077054023743}
{'iteration': 351, 'train/policy_loss': 0.8485403759405017, 'train/value_loss': 0.06940363960165996, 'hours': 10.690332869887358, 'frames': 11501568}
{'iteration': 352, 'train/policy_loss': 0.8081681809853762, 'train/value_loss': 0.0874501599901123, 'hours': 10.720059504840115, 'frames': 11534336}
{'iteration': 353, 'train/policy_loss': 0.841647946741432, 'train/value_loss': 0.08845043979818001, 'hours': 10.748265267146964, 'frames': 11567104}
{'iteration': 354, 'train/policy_loss': 0.8131223595701158, 'train/value_loss': 0.08908685503411107, 'hours': 10.776185898184782, 'frames': 11599872}
{'iteration': 355, 'train/policy_loss': 0.8221052701119334, 'train/value_loss': 0.07965042666182853, 'hours': 10.806156090166839, 'frames': 11632640, 'eval/model_optimality_ratio': 0.9890069961547852, 'eval/greedy_optimality_ratio': 0.9135310053825378, 'eval/improvement_vs_greedy': 0.07547600567340851}
{'iteration': 356, 'train/policy_loss': 0.8124777781777084, 'train/value_loss': 0.08158532380184624, 'hours': 10.83500999655989, 'frames': 11665408}
{'iteration': 357, 'train/policy_loss': 0.8358543866779655, 'train/value_loss': 0.05460717038658913, 'hours': 10.863088182608292, 'frames': 11698176}
{'iteration': 358, 'train/policy_loss': 0.823040978750214, 'train/value_loss': 0.12404692734708078, 'hours': 10.89253805663851, 'frames': 11730944}
{'iteration': 359, 'train/policy_loss': 0.8228230879176408, 'train/value_loss': 0.08598341986362357, 'hours': 10.92267136322128, 'frames': 11763712}
{'iteration': 360, 'train/policy_loss': 0.803771442733705, 'train/value_loss': 0.07228104508249089, 'hours': 10.952750454081436, 'frames': 11796480, 'eval/model_optimality_ratio': 0.9857637286186218, 'eval/greedy_optimality_ratio': 0.9092722535133362, 'eval/improvement_vs_greedy': 0.07649145275354385}
{'iteration': 361, 'train/policy_loss': 0.8137169366236776, 'train/value_loss': 0.06051681524695596, 'hours': 10.982765858769422, 'frames': 11829248}
{'iteration': 362, 'train/policy_loss': 0.8065433001611382, 'train/value_loss': 0.05882067830316373, 'hours': 11.011707641747268, 'frames': 11862016}
{'iteration': 363, 'train/policy_loss': 0.8215043568052351, 'train/value_loss': 0.0966908968257485, 'hours': 11.040146546231382, 'frames': 11894784}
{'iteration': 364, 'train/policy_loss': 0.8286782831419259, 'train/value_loss': 0.10499255053582601, 'hours': 11.069285952382623, 'frames': 11927552}
{'iteration': 365, 'train/policy_loss': 0.8102162720169872, 'train/value_loss': 0.05425942345027579, 'hours': 11.098183121946128, 'frames': 11960320, 'eval/model_optimality_ratio': 0.9874725937843323, 'eval/greedy_optimality_ratio': 0.9125837087631226, 'eval/improvement_vs_greedy': 0.07488885521888733}
{'iteration': 366, 'train/policy_loss': 0.8213045892771333, 'train/value_loss': 0.062237493169959635, 'hours': 11.128647178080353, 'frames': 11993088}
{'iteration': 367, 'train/policy_loss': 0.8276908386033028, 'train/value_loss': 0.0650160440854961, 'hours': 11.159582163161708, 'frames': 12025856}
{'iteration': 368, 'train/policy_loss': 0.8591979870107025, 'train/value_loss': 0.08828601910499856, 'hours': 11.19031119280392, 'frames': 12058624}
{'iteration': 369, 'train/policy_loss': 0.8301713962573558, 'train/value_loss': 0.07159018158563413, 'hours': 11.221151520146272, 'frames': 12091392}
{'iteration': 370, 'train/policy_loss': 0.8387684659101069, 'train/value_loss': 0.07295783248991938, 'hours': 11.250879059897537, 'frames': 12124160, 'eval/model_optimality_ratio': 0.98752361536026, 'eval/greedy_optimality_ratio': 0.9143941402435303, 'eval/improvement_vs_greedy': 0.07312940806150436}
{'iteration': 371, 'train/policy_loss': 0.8269103521015495, 'train/value_loss': 0.06105586776538985, 'hours': 11.279991499251798, 'frames': 12156928}
{'iteration': 372, 'train/policy_loss': 0.8058027401566505, 'train/value_loss': 0.08666446858842392, 'hours': 11.308339974615317, 'frames': 12189696}
{'iteration': 373, 'train/policy_loss': 0.8123708884231746, 'train/value_loss': 0.07551433779008221, 'hours': 11.339185372922163, 'frames': 12222464}
{'iteration': 374, 'train/policy_loss': 0.8042182857170701, 'train/value_loss': 0.05151783360997797, 'hours': 11.369210465616657, 'frames': 12255232}
{'iteration': 375, 'train/policy_loss': 0.8201510012149811, 'train/value_loss': 0.05731495368672768, 'hours': 11.397637354996476, 'frames': 12288000, 'eval/model_optimality_ratio': 0.9766273498535156, 'eval/greedy_optimality_ratio': 0.9160220623016357, 'eval/improvement_vs_greedy': 0.06060517206788063}
{'iteration': 376, 'train/policy_loss': 0.8135459737386554, 'train/value_loss': 0.0671858939822414, 'hours': 11.426779894298985, 'frames': 12320768}
{'iteration': 377, 'train/policy_loss': 0.7916219756007195, 'train/value_loss': 0.08152831179177156, 'hours': 11.455922851363825, 'frames': 12353536}
{'iteration': 378, 'train/policy_loss': 0.8154162280261517, 'train/value_loss': 0.12067303944786545, 'hours': 11.486282689041568, 'frames': 12386304}
{'iteration': 379, 'train/policy_loss': 0.8250048847403377, 'train/value_loss': 0.09153186836920213, 'hours': 11.519490728841895, 'frames': 12419072}
{'iteration': 380, 'train/policy_loss': 0.8180778166279197, 'train/value_loss': 0.1280532216769643, 'hours': 11.550616201824619, 'frames': 12451840, 'eval/model_optimality_ratio': 0.9816187620162964, 'eval/greedy_optimality_ratio': 0.9096883535385132, 'eval/improvement_vs_greedy': 0.071930430829525}
{'iteration': 381, 'train/policy_loss': 0.8315508950036019, 'train/value_loss': 0.09723178783315234, 'hours': 11.579912244280186, 'frames': 12484608}
{'iteration': 382, 'train/policy_loss': 0.8558538754004985, 'train/value_loss': 0.07229238498985069, 'hours': 11.607489493356818, 'frames': 12517376}
{'iteration': 383, 'train/policy_loss': 0.8116048050578684, 'train/value_loss': 0.10762430638715159, 'hours': 11.635870849556401, 'frames': 12550144}
{'iteration': 384, 'train/policy_loss': 0.8440486816689372, 'train/value_loss': 0.0765736289031338, 'hours': 11.66557338747714, 'frames': 12582912}
{'iteration': 385, 'train/policy_loss': 0.8322671663481742, 'train/value_loss': 0.06100002429593587, 'hours': 11.694105406867141, 'frames': 12615680, 'eval/model_optimality_ratio': 0.9862804412841797, 'eval/greedy_optimality_ratio': 0.9147999286651611, 'eval/improvement_vs_greedy': 0.07148051261901855}
{'iteration': 386, 'train/policy_loss': 0.8181617087684572, 'train/value_loss': 0.0835802609071834, 'hours': 11.724136200613454, 'frames': 12648448}
{'iteration': 387, 'train/policy_loss': 0.8118595965206623, 'train/value_loss': 0.07471447794523556, 'hours': 11.752526416712346, 'frames': 12681216}
{'iteration': 388, 'train/policy_loss': 0.8356946266721934, 'train/value_loss': 0.1158789172914112, 'hours': 11.781322450439145, 'frames': 12713984}
{'iteration': 389, 'train/policy_loss': 0.8102004500105977, 'train/value_loss': 0.07577947484969627, 'hours': 11.810968036386711, 'frames': 12746752}
{'iteration': 390, 'train/policy_loss': 0.8294411380775273, 'train/value_loss': 0.09329464788606856, 'hours': 11.839215767979631, 'frames': 12779520, 'eval/model_optimality_ratio': 0.9870290756225586, 'eval/greedy_optimality_ratio': 0.9075648784637451, 'eval/improvement_vs_greedy': 0.0794641524553299}
{'iteration': 391, 'train/policy_loss': 0.8330424467567354, 'train/value_loss': 0.0820080962148495, 'hours': 11.867105320559617, 'frames': 12812288}
{'iteration': 392, 'train/policy_loss': 1.0732725742273033, 'train/value_loss': 0.8892911881266627, 'hours': 11.895930123262945, 'frames': 12845056}
{'iteration': 393, 'train/policy_loss': 1.0501652879174799, 'train/value_loss': 0.22965345685952343, 'hours': 11.92521286798849, 'frames': 12877824}
{'iteration': 394, 'train/policy_loss': 0.9907809519208968, 'train/value_loss': 0.1523686902364716, 'hours': 11.954259113272041, 'frames': 12910592}
{'iteration': 395, 'train/policy_loss': 0.8608750244602561, 'train/value_loss': 0.10329413259751163, 'hours': 11.984238041374429, 'frames': 12943360, 'eval/model_optimality_ratio': 0.9230478405952454, 'eval/greedy_optimality_ratio': 0.915299654006958, 'eval/improvement_vs_greedy': 0.007748229894787073}
{'iteration': 396, 'train/policy_loss': 0.9463281633798033, 'train/value_loss': 0.1076566411938984, 'hours': 12.013763157460435, 'frames': 12976128}
{'iteration': 397, 'train/policy_loss': 0.89663260942325, 'train/value_loss': 0.10557633877033368, 'hours': 12.043544546961794, 'frames': 13008896}
{'iteration': 398, 'train/policy_loss': 0.8940574885345995, 'train/value_loss': 0.10383019057917409, 'hours': 12.073242694603081, 'frames': 13041664}
{'iteration': 399, 'train/policy_loss': 0.8840480200015008, 'train/value_loss': 0.1302661940571852, 'hours': 12.10287882387639, 'frames': 13074432}
{'iteration': 400, 'train/policy_loss': 0.8968842476606369, 'train/value_loss': 0.1326454738737084, 'hours': 12.13244951976671, 'frames': 13107200, 'eval/model_optimality_ratio': 0.9680924415588379, 'eval/greedy_optimality_ratio': 0.9090694189071655, 'eval/improvement_vs_greedy': 0.05902298912405968}
[1;34mwandb[0m: 
[1;34mwandb[0m: You can sync this run to the cloud by running:
[1;34mwandb[0m: [1mwandb sync /workspace/wandb/offline-run-20260313_221135-wg77phil[0m
[1;34mwandb[0m: Find logs at: [1;35mwandb/offline-run-20260313_221135-wg77phil/logs[0m
